42
50
150
-4
80
2
1
66
77
1
2
1
-1
-2
2147483647
-1073741824
